Tue Sep 15 05:06:44 UTC 2026 - TBH update
Wed Sep 16 05:02:26 UTC 2026 - TBH update
Thu Sep 17 05:04:53 UTC 2026 - TBH update
Fri Sep 18 04:57:08 UTC 2026 - TBH update
Sat Sep 19 04:50:12 UTC 2026 - TBH update
Sun Sep 20 05:07:54 UTC 2026 - TBH update
Mon Sep 21 05:13:19 UTC 2026 - TBH update
Tue Sep 22 05:13:15 UTC 2026 - TBH update
Wed Sep 23 04:57:59 UTC 2026 - TBH update
Thu Sep 24 05:07:51 UTC 2026 - TBH update
Fri Sep 25 05:09:45 UTC 2026 - TBH update
Sat Sep 26 05:15:48 UTC 2026 - TBH update
Sun Sep 27 05:30:27 UTC 2026 - TBH update
Mon Sep 28 05:40:30 UTC 2026 - TBH update
Tue Sep 29 05:58:01 UTC 2026 - TBH update
Wed Sep 30 05:47:17 UTC 2026 - TBH update
Thu Oct  1 06:16:58 UTC 2026 - TBH update
Fri Oct  2 05:57:45 UTC 2026 - TBH update
Sat Oct  3 05:32:37 UTC 2026 - TBH update
Sun Oct  4 06:08:20 UTC 2026 - TBH update
